[编排] 优先级顺序：supp → pbc → nfra → mof → **gov（最低，须待前四源全部完成）**
[编排] 本次执行顺序：gov
[编排] 进度台账：regulatory_scrapers\timeliness_review\续跑编排进度_20260919.json
[编排] 历史结果：supp=success, pbc=partial, nfra=success, mof=partial

==============================================================================
[编排] 开始核验源 gov  ← --source gov
==============================================================================
[verify_missing:gov] cleaned 13177 条 | 效力缺失（空）12586 条
[verify_missing:gov] 查询计划 12559 项（CLI 就绪，workers=2）
待新增查询 12372 / 总 12559（并发 2）
[拦截] 连续 15 次认证失败，暂停续跑（法宝配额耗尽/网关拦截，建议检查控制台）
  [变更] 民航发〔2022〕7号            | “十四五”航空物流发展专项规划 | (空) → valid | 北大法宝
[verify_missing:gov] 判定统计: {'valid': 1, 'amended': 0, 'repealed': 0, 'expired': 0, 'nomatch': 60, 'fail': 12525} | 本批变更 1 条 | 台账(追加) D:\WorkBuddy\regulatory_compliance_orchestrator\modules\regulatory_scrapers\timeliness_review\时效核验_gov变更台账_20260919.csv
[verify_missing:gov] 状态已写入 verification_state.json

[verify_missing] R13 执行摘要 → D:\WorkBuddy\regulatory_compliance_orchestrator\modules\regulatory_scrapers\timeliness_review\verify_summary_20260919.json
  gov   partial      missing=12586 ok=   1 degraded=12585 changed=  1
  overall: partial

[编排] gov → status=partial missing=12586 ok=1 fail=0 耗时=34.6s  原因：连续认证失败自动停止

==============================================================================
[编排] 汇总（进度台账：regulatory_scrapers\timeliness_review\续跑编排进度_20260919.json）
  源      status      missing     ok  fail  changed  原因
  supp   success           0      0     0        0  
  pbc    partial           2      0     0        0  exit=2
  nfra   success           0      0     0        0  
  mof    partial         547      0     0        0  exit=2
  gov    partial       12586      1     0        1  连续认证失败自动停止

[门禁] 前四源是否全部完成（success/partial 且 fail=0）：是 -> 可启动 gov 续跑
[门禁] gov: status=partial missing=12586 ok=1 fail=0 耗时=34.6s  原因：连续认证失败自动停止
